EN pong NULL /home/student2/s4jabbar/COE758/Project2/VGAdisplay.vhd sub00/vhpl02 1731449846
EN lab2 NULL /home/student2/s4jabbar/COE758/Project2/VGAdisplay.vhd sub00/vhpl04 1731951895
AR lab2 behavioral /home/student2/s4jabbar/COE758/Project2/VGAdisplay.vhd sub00/vhpl05 1731951896
AR pong behavioral /home/student2/s4jabbar/COE758/Project2/VGAdisplay.vhd sub00/vhpl03 1731449847
AR vgadisplay behavioral /home/student2/s4jabbar/COE758/Project2/VGAdisplay.vhd sub00/vhpl01 1732053947
EN vgadisplay NULL /home/student2/s4jabbar/COE758/Project2/VGAdisplay.vhd sub00/vhpl00 1732053946
