V3 3
FL /home/student2/s4jabbar/COE758/Project2/VGAdisplay.vhd 2024/11/19.17:05:40 O.87xd
EN work/VGAdisplay 1732053946 \
      FL /home/student2/s4jabbar/COE758/Project2/VGAdisplay.vhd \
      PB ieee/std_logic_1164 1325952872 PB ieee/std_logic_arith 1325952873 \
      PB ieee/STD_LOGIC_UNSIGNED 1325952875
AR work/VGAdisplay/Behavioral 1732053947 \
      FL /home/student2/s4jabbar/COE758/Project2/VGAdisplay.vhd \
      EN work/VGAdisplay 1732053946
